error[E0597]: `val` does not live long enough
  --> src/tests/fail/id_handler_closure_capture_too_short.rs:8:4
   |
7  |         conn.id_handler_add(|_, _, _| {
   |                             --------- value captured here
8  |             val = 1;
   |             ^^^ borrowed value does not live long enough
...
11 |         conn
   |         ---- a temporary with access to the borrow is created here ...
12 |     };
   |     -- ... and the borrow might be used here, when that temporary is dropped and runs the `Drop` code for type `Connection`
   |     |
   |     `val` dropped here while still borrowed
   |
help: consider adding semicolon after the expression so its temporaries are dropped sooner, before the local variables declared by the block are dropped
   |
11 |         conn;
   |             +
